This is pdfTeX, Version 3.141592653-2.6-1.40.29 (TeX Live 2026/Arch Linux) (preloaded format=pdflatex 2026.8.17)  25 AUG 2026 03:08
entering extended mode
 restricted \write18 enabled.
 %&-line parsing enabled.
**paper.tex
(./paper.tex
LaTeX2e <2025-11-01>
L3 programming layer <2026-01-19>
(./iaesarticle.cls

LaTeX Warning: You have requested document class `iaesarticle',
               but the document class provides `iaesarticle2'.

Document Class: iaesarticle2 2012/11/17 v0.2 IAES Journal LaTeX document class
(/usr/share/texmf-dist/tex/latex/base/size10.clo
File: size10.clo 2025/01/22 v1.4n Standard LaTeX file (size option)
)
(/usr/share/texmf-dist/tex/latex/fancyhdr/fancyhdr.sty
Package: fancyhdr 2025/02/07 v5.2 Extensive control of page headers and footers

\f@nch@headwidth=\skip49
\f@nch@offset@elh=\skip50
\f@nch@offset@erh=\skip51
\f@nch@offset@olh=\skip52
\f@nch@offset@orh=\skip53
\f@nch@offset@elf=\skip54
\f@nch@offset@erf=\skip55
\f@nch@offset@olf=\skip56
\f@nch@offset@orf=\skip57
\f@nch@height=\skip58
\f@nch@footalignment=\skip59
\f@nch@widthL=\skip60
\f@nch@widthC=\skip61
\f@nch@widthR=\skip62
\@temptokenb=\toks17
)
\c@part=\count275
\c@section=\count276
\c@subsection=\count277
\c@subsubsection=\count278
\c@paragraph=\count279
\c@subparagraph=\count280
\c@figure=\count281
\c@table=\count282
\abovecaptionskip=\skip63
\belowcaptionskip=\skip64
\bibindent=\dimen148
)
(/usr/share/texmf-dist/tex/latex/amsmath/amsmath.sty
Package: amsmath 2025/07/09 v2.17z AMS math features
\@mathmargin=\skip65

For additional information on amsmath, use the `?' option.
(/usr/share/texmf-dist/tex/latex/amsmath/amstext.sty
Package: amstext 2024/11/17 v2.01 AMS text

(/usr/share/texmf-dist/tex/latex/amsmath/amsgen.sty
File: amsgen.sty 1999/11/30 v2.0 generic functions
\@emptytoks=\toks18
\ex@=\dimen149
))
(/usr/share/texmf-dist/tex/latex/amsmath/amsbsy.sty
Package: amsbsy 1999/11/29 v1.2d Bold Symbols
\pmbraise@=\dimen150
)
(/usr/share/texmf-dist/tex/latex/amsmath/amsopn.sty
Package: amsopn 2022/04/08 v2.04 operator names
)
\inf@bad=\count283
LaTeX Info: Redefining \frac on input line 233.
\uproot@=\count284
\leftroot@=\count285
LaTeX Info: Redefining \overline on input line 398.
LaTeX Info: Redefining \colon on input line 409.
\classnum@=\count286
\DOTSCASE@=\count287
LaTeX Info: Redefining \ldots on input line 495.
LaTeX Info: Redefining \dots on input line 498.
LaTeX Info: Redefining \cdots on input line 619.
\Mathstrutbox@=\box53
\strutbox@=\box54
LaTeX Info: Redefining \big on input line 721.
LaTeX Info: Redefining \Big on input line 722.
LaTeX Info: Redefining \bigg on input line 723.
LaTeX Info: Redefining \Bigg on input line 724.
\big@size=\dimen151
LaTeX Font Info:    Redeclaring font encoding OML on input line 742.
LaTeX Font Info:    Redeclaring font encoding OMS on input line 743.
\macc@depth=\count288
LaTeX Info: Redefining \bmod on input line 904.
LaTeX Info: Redefining \pmod on input line 909.
LaTeX Info: Redefining \smash on input line 939.
LaTeX Info: Redefining \relbar on input line 969.
LaTeX Info: Redefining \Relbar on input line 970.
\c@MaxMatrixCols=\count289
\dotsspace@=\muskip17
\c@parentequation=\count290
\dspbrk@lvl=\count291
\tag@help=\toks19
\row@=\count292
\column@=\count293
\maxfields@=\count294
\andhelp@=\toks20
\eqnshift@=\dimen152
\alignsep@=\dimen153
\tagshift@=\dimen154
\tagwidth@=\dimen155
\totwidth@=\dimen156
\lineht@=\dimen157
\@envbody=\toks21
\multlinegap=\skip66
\multlinetaggap=\skip67
\mathdisplay@stack=\toks22
LaTeX Info: Redefining \[ on input line 2950.
LaTeX Info: Redefining \] on input line 2951.
)
(/usr/share/texmf-dist/tex/latex/amsfonts/amsfonts.sty
Package: amsfonts 2013/01/14 v3.01 Basic AMSFonts support
\symAMSa=\mathgroup4
\symAMSb=\mathgroup5
LaTeX Font Info:    Redeclaring math symbol \hbar on input line 98.
LaTeX Font Info:    Overwriting math alphabet `\mathfrak' in version `bold'
(Font)                  U/euf/m/n --> U/euf/b/n on input line 106.
)
(/usr/share/texmf-dist/tex/latex/amsfonts/amssymb.sty
Package: amssymb 2013/01/14 v3.01 AMS font symbols
)
(/usr/share/texmf-dist/tex/latex/float/float.sty
Package: float 2001/11/08 v1.3d Float enhancements (AL)
\c@float@type=\count295
\float@exts=\toks23
\float@box=\box55
\@float@everytoks=\toks24
\@floatcapt=\box56
)
(/usr/share/texmf-dist/tex/latex/graphics/rotating.sty
Package: rotating 2025/01/14 v2.16e rotated objects in LaTeX

(/usr/share/texmf-dist/tex/latex/graphics/graphicx.sty
Package: graphicx 2024/12/31 v1.2e Enhanced LaTeX Graphics (DPC,SPQR)

(/usr/share/texmf-dist/tex/latex/graphics/keyval.sty
Package: keyval 2022/05/29 v1.15 key=value parser (DPC)
\KV@toks@=\toks25
)
(/usr/share/texmf-dist/tex/latex/graphics/graphics.sty
Package: graphics 2024/08/06 v1.4g Standard LaTeX Graphics (DPC,SPQR)

(/usr/share/texmf-dist/tex/latex/graphics/trig.sty
Package: trig 2023/12/02 v1.11 sin cos tan (DPC)
)
(/usr/share/texmf-dist/tex/latex/graphics-cfg/graphics.cfg
File: graphics.cfg 2016/06/04 v1.11 sample graphics configuration
)
Package graphics Info: Driver file: pdftex.def on input line 106.

(/usr/share/texmf-dist/tex/latex/graphics-def/pdftex.def
File: pdftex.def 2025/09/29 v1.2d Graphics/color driver for pdftex
))
\Gin@req@height=\dimen158
\Gin@req@width=\dimen159
)
(/usr/share/texmf-dist/tex/latex/base/ifthen.sty
Package: ifthen 2024/03/16 v1.1e Standard LaTeX ifthen package (DPC)
)
\c@r@tfl@t=\count296
\rotFPtop=\skip68
\rotFPbot=\skip69
\rot@float@box=\box57
\rot@mess@toks=\toks26
)
(/usr/share/texmf-dist/tex/latex/preprint/authblk.sty
Package: authblk 2001/02/27 1.3 (PWD)
\affilsep=\skip70
\@affilsep=\skip71
\c@Maxaffil=\count297
\c@authors=\count298
\c@affil=\count299
)
(/usr/share/texmf-dist/tex/latex/tools/indentfirst.sty
Package: indentfirst 2023/07/02 v1.03 Indent first paragraph (DPC)
)
(/usr/share/texmf-dist/tex/latex/lastpage/lastpage.sty
Package: lastpage 2025/08/14 v2.1h lastpage: 2.09 or 2e? (HMM)

(/usr/share/texmf-dist/tex/latex/lastpage/lastpage2e.sty
Package: lastpage2e 2025/08/14 v2.1h Decide which 2e lastpage version to use (H
MM)

(/usr/share/texmf-dist/tex/latex/lastpage/lastpagemodern.sty
Package: lastpagemodern 2025-08-14 v2.1h Refers to last page's name (HMM; JPG)
\c@lastpagecount=\count300
) 
)) (/usr/share/texmf-dist/tex/latex/psnfss/pifont.sty
Package: pifont 2020/03/25 PSNFSS-v9.3 Pi font support (SPQR) 
LaTeX Font Info:    Trying to load font information for U+pzd on input line 63.


(/usr/share/texmf-dist/tex/latex/psnfss/upzd.fd
File: upzd.fd 2001/06/04 font definitions for U/pzd.
)
LaTeX Font Info:    Trying to load font information for U+psy on input line 64.


(/usr/share/texmf-dist/tex/latex/psnfss/upsy.fd
File: upsy.fd 2001/06/04 font definitions for U/psy.
))
(/usr/share/texmf-dist/tex/latex/subfig/subfig.sty
Package: subfig 2005/06/28 ver: 1.3 subfig package

(/usr/share/texmf-dist/tex/latex/caption/caption.sty
Package: caption 2023/08/05 v3.6o Customizing captions (AR)

(/usr/share/texmf-dist/tex/latex/caption/caption3.sty
Package: caption3 2023/07/31 v2.4d caption3 kernel (AR)
\caption@tempdima=\dimen160
\captionmargin=\dimen161
\caption@leftmargin=\dimen162
\caption@rightmargin=\dimen163
\caption@width=\dimen164
\caption@indent=\dimen165
\caption@parindent=\dimen166
\caption@hangindent=\dimen167
Package caption Info: Standard document class detected.
)
\c@caption@flags=\count301
\c@continuedfloat=\count302
Package caption Info: float package is loaded.
Package caption Info: rotating package is loaded.
)
\c@KVtest=\count303
\sf@farskip=\skip72
\sf@captopadj=\dimen168
\sf@capskip=\skip73
\sf@nearskip=\skip74
\c@subfigure=\count304
\c@subfigure@save=\count305
\c@lofdepth=\count306
\c@subtable=\count307
\c@subtable@save=\count308
\c@lotdepth=\count309
\sf@top=\skip75
\sf@bottom=\skip76
)
(/usr/share/texmf-dist/tex/latex/epstopdf-pkg/epstopdf.sty
Package: epstopdf 2020-01-24 v2.11 Conversion with epstopdf on the fly (HO)

(/usr/share/texmf-dist/tex/generic/infwarerr/infwarerr.sty
Package: infwarerr 2019/12/03 v1.5 Providing info/warning/error messages (HO)
)
(/usr/share/texmf-dist/tex/latex/grfext/grfext.sty
Package: grfext 2019/12/03 v1.3 Manage graphics extensions (HO)

(/usr/share/texmf-dist/tex/generic/kvdefinekeys/kvdefinekeys.sty
Package: kvdefinekeys 2019-12-19 v1.6 Define keys (HO)
))
(/usr/share/texmf-dist/tex/latex/kvoptions/kvoptions.sty
Package: kvoptions 2022-06-15 v3.15 Key value format for package options (HO)

(/usr/share/texmf-dist/tex/generic/ltxcmds/ltxcmds.sty
Package: ltxcmds 2023-12-04 v1.26 LaTeX kernel commands for general use (HO)
)
(/usr/share/texmf-dist/tex/latex/kvsetkeys/kvsetkeys.sty
Package: kvsetkeys 2022-10-05 v1.19 Key value parser (HO)
))
(/usr/share/texmf-dist/tex/generic/pdftexcmds/pdftexcmds.sty
Package: pdftexcmds 2020-06-27 v0.33 Utility functions of pdfTeX for LuaTeX (HO
)

(/usr/share/texmf-dist/tex/generic/iftex/iftex.sty
Package: iftex 2024/12/12 v1.0g TeX engine tests
)
Package pdftexcmds Info: \pdf@primitive is available.
Package pdftexcmds Info: \pdf@ifprimitive is available.
Package pdftexcmds Info: \pdfdraftmode found.
)
(/usr/share/texmf-dist/tex/latex/epstopdf-pkg/epstopdf-base.sty
Package: epstopdf-base 2020-01-24 v2.11 Base part for package epstopdf
Package epstopdf-base Info: Redefining graphics rule for `.eps' on input line 4
85.
Package grfext Info: Graphics extension search list:
(grfext)             [.pdf,.png,.jpg,.mps,.jpeg,.jbig2,.jb2,.PDF,.PNG,.JPG,.JPE
G,.JBIG2,.JB2,.eps]
(grfext)             \AppendGraphicsExtensions on input line 504.

(/usr/share/texmf-dist/tex/latex/latexconfig/epstopdf-sys.cfg
File: epstopdf-sys.cfg 2010/07/13 v1.3 Configuration of (r)epstopdf for TeX Liv
e
)))
(/usr/share/texmf-dist/tex/latex/geometry/geometry.sty
Package: geometry 2020/01/02 v5.9 Page Geometry

(/usr/share/texmf-dist/tex/generic/iftex/ifvtex.sty
Package: ifvtex 2019/10/25 v1.7 ifvtex legacy package. Use iftex instead.
)
\Gm@cnth=\count310
\Gm@cntv=\count311
\c@Gm@tempcnt=\count312
\Gm@bindingoffset=\dimen169
\Gm@wd@mp=\dimen170
\Gm@odd@mp=\dimen171
\Gm@even@mp=\dimen172
\Gm@layoutwidth=\dimen173
\Gm@layoutheight=\dimen174
\Gm@layouthoffset=\dimen175
\Gm@layoutvoffset=\dimen176
\Gm@dimlist=\toks27
)
(/usr/share/texmf-dist/tex/latex/titlesec/titlesec.sty
Package: titlesec 2025/01/04 v2.17 Sectioning titles
\ttl@box=\box58
\beforetitleunit=\skip77
\aftertitleunit=\skip78
\ttl@plus=\dimen177
\ttl@minus=\dimen178
\ttl@toksa=\toks28
\titlewidth=\dimen179
\titlewidthlast=\dimen180
\titlewidthfirst=\dimen181
)
(/usr/share/texmf-dist/tex/latex/xcolor/xcolor.sty
Package: xcolor 2024/09/29 v3.02 LaTeX color extensions (UK)

(/usr/share/texmf-dist/tex/latex/graphics-cfg/color.cfg
File: color.cfg 2016/01/02 v1.6 sample color configuration
)
Package xcolor Info: Driver file: pdftex.def on input line 274.

(/usr/share/texmf-dist/tex/latex/graphics/mathcolor.ltx)
Package xcolor Info: Model `cmy' substituted by `cmy0' on input line 1349.
Package xcolor Info: Model `hsb' substituted by `rgb' on input line 1353.
Package xcolor Info: Model `RGB' extended on input line 1365.
Package xcolor Info: Model `HTML' substituted by `rgb' on input line 1367.
Package xcolor Info: Model `Hsb' substituted by `hsb' on input line 1368.
Package xcolor Info: Model `tHsb' substituted by `hsb' on input line 1369.
Package xcolor Info: Model `HSB' substituted by `hsb' on input line 1370.
Package xcolor Info: Model `Gray' substituted by `gray' on input line 1371.
Package xcolor Info: Model `wave' substituted by `hsb' on input line 1372.
)
(/usr/share/texmf-dist/tex/latex/colortbl/colortbl.sty
Package: colortbl 2024/10/29 v1.0k Color table columns (DPC)

(/usr/share/texmf-dist/tex/latex/tools/array.sty
Package: array 2025/09/25 v2.6n Tabular extension package (FMi)
\col@sep=\dimen182
\ar@mcellbox=\box59
\extrarowheight=\dimen183
\NC@list=\toks29
\extratabsurround=\skip79
\backup@length=\skip80
\ar@cellbox=\box60
)
\everycr=\toks30
\minrowclearance=\skip81
\rownum=\count313
)
(/usr/share/texmf-dist/tex/latex/enumitem/enumitem.sty
Package: enumitem 2025/02/06 v3.11 Customized lists
\labelindent=\skip82
\enit@outerparindent=\dimen184
\enit@toks=\toks31
\enit@inbox=\box61
\enit@count@id=\count314
\enitdp@description=\count315
)
(/usr/share/texmf-dist/tex/latex/natbib/natbib.sty
Package: natbib 2010/09/13 8.31b (PWD, AO)
\bibhang=\skip83
\bibsep=\skip84
LaTeX Info: Redefining \cite on input line 694.
\c@NAT@ctr=\count316
)
(/usr/share/texmf-dist/tex/latex/ragged2e/ragged2e.sty
Package: ragged2e 2023/06/22 v3.6 ragged2e Package
\CenteringLeftskip=\skip85
\RaggedLeftLeftskip=\skip86
\RaggedRightLeftskip=\skip87
\CenteringRightskip=\skip88
\RaggedLeftRightskip=\skip89
\RaggedRightRightskip=\skip90
\CenteringParfillskip=\skip91
\RaggedLeftParfillskip=\skip92
\RaggedRightParfillskip=\skip93
\JustifyingParfillskip=\skip94
\CenteringParindent=\skip95
\RaggedLeftParindent=\skip96
\RaggedRightParindent=\skip97
\JustifyingParindent=\skip98
)
(/usr/share/texmf-dist/tex/latex/hyperref/hyperref.sty
Package: hyperref 2026-01-29 v7.01p Hypertext links for LaTeX

(/usr/share/texmf-dist/tex/generic/pdfescape/pdfescape.sty
Package: pdfescape 2019/12/09 v1.15 Implements pdfTeX's escape features (HO)
)
(/usr/share/texmf-dist/tex/latex/hycolor/hycolor.sty
Package: hycolor 2020-01-27 v1.10 Color options for hyperref/bookmark (HO)
)
(/usr/share/texmf-dist/tex/latex/hyperref/nameref.sty
Package: nameref 2026-01-29 v2.58 Cross-referencing by name of section

(/usr/share/texmf-dist/tex/latex/refcount/refcount.sty
Package: refcount 2019/12/15 v3.6 Data extraction from label references (HO)
)
(/usr/share/texmf-dist/tex/generic/gettitlestring/gettitlestring.sty
Package: gettitlestring 2019/12/15 v1.6 Cleanup title references (HO)
)
\c@section@level=\count317
)
(/usr/share/texmf-dist/tex/latex/etoolbox/etoolbox.sty
Package: etoolbox 2025/10/02 v2.5m e-TeX tools for LaTeX (JAW)
\etb@tempcnta=\count318
)
(/usr/share/texmf-dist/tex/generic/stringenc/stringenc.sty
Package: stringenc 2019/11/29 v1.12 Convert strings between diff. encodings (HO
)
)
\@linkdim=\dimen185
\Hy@linkcounter=\count319
\Hy@pagecounter=\count320

(/usr/share/texmf-dist/tex/latex/hyperref/pd1enc.def
File: pd1enc.def 2026-01-29 v7.01p Hyperref: PDFDocEncoding definition (HO)
Now handling font encoding PD1 ...
... no UTF-8 mapping file for font encoding PD1
)
(/usr/share/texmf-dist/tex/generic/intcalc/intcalc.sty
Package: intcalc 2019/12/15 v1.3 Expandable calculations with integers (HO)
)
\Hy@SavedSpaceFactor=\count321

(/usr/share/texmf-dist/tex/latex/hyperref/puenc.def
File: puenc.def 2026-01-29 v7.01p Hyperref: PDF Unicode definition (HO)
Now handling font encoding PU ...
... no UTF-8 mapping file for font encoding PU
)
Package hyperref Info: Hyper figures OFF on input line 4201.
Package hyperref Info: Link nesting OFF on input line 4206.
Package hyperref Info: Hyper index ON on input line 4209.
Package hyperref Info: Plain pages OFF on input line 4216.
Package hyperref Info: Backreferencing OFF on input line 4221.
Package hyperref Info: Implicit mode ON; LaTeX internals redefined.
Package hyperref Info: Bookmarks ON on input line 4468.
\c@Hy@tempcnt=\count322

(/usr/share/texmf-dist/tex/latex/url/url.sty
\Urlmuskip=\muskip18
Package: url 2013/09/16  ver 3.4  Verb mode for urls, etc.
)
LaTeX Info: Redefining \url on input line 4807.
\XeTeXLinkMargin=\dimen186

(/usr/share/texmf-dist/tex/generic/bitset/bitset.sty
Package: bitset 2019/12/09 v1.3 Handle bit-vector datatype (HO)

(/usr/share/texmf-dist/tex/generic/bigintcalc/bigintcalc.sty
Package: bigintcalc 2019/12/15 v1.5 Expandable calculations on big integers (HO
)
))
\Fld@menulength=\count323
\Field@Width=\dimen187
\Fld@charsize=\dimen188
Package hyperref Info: Hyper figures OFF on input line 6084.
Package hyperref Info: Link nesting OFF on input line 6089.
Package hyperref Info: Hyper index ON on input line 6092.
Package hyperref Info: backreferencing OFF on input line 6099.
Package hyperref Info: Link coloring OFF on input line 6104.
Package hyperref Info: Link coloring with OCG OFF on input line 6109.
Package hyperref Info: PDF/A mode OFF on input line 6114.
\Hy@abspage=\count324
\c@Item=\count325
\c@Hfootnote=\count326
)
Package hyperref Info: Driver (autodetected): hpdftex.

(/usr/share/texmf-dist/tex/latex/hyperref/hpdftex.def
File: hpdftex.def 2026-01-29 v7.01p Hyperref driver for pdfTeX
\Fld@listcount=\count327
\c@bookmark@seq@number=\count328

(/usr/share/texmf-dist/tex/latex/rerunfilecheck/rerunfilecheck.sty
Package: rerunfilecheck 2025-06-21 v1.11 Rerun checks for auxiliary files (HO)

(/usr/share/texmf-dist/tex/generic/uniquecounter/uniquecounter.sty
Package: uniquecounter 2019/12/15 v1.4 Provide unlimited unique counter (HO)
)
Package uniquecounter Info: New unique counter `rerunfilecheck' on input line 2
84.
)
\Hy@SectionHShift=\skip99
)
(/usr/share/texmf-dist/tex/latex/multirow/multirow.sty
Package: multirow 2024/11/12 v2.9 Span multiple rows of a table
\multirow@colwidth=\skip100
\multirow@cntb=\count329
\multirow@dima=\skip101
\bigstrutjot=\dimen189
)
(/usr/share/texmf-dist/tex/latex/base/fleqn.sty

LaTeX Warning: inputting `fleqn.clo' instead of obsolete `fleqn.sty'.

(/usr/share/texmf-dist/tex/latex/base/fleqn.clo
File: fleqn.clo 2016/12/29 v1.2b Standard LaTeX option (flush left equations)
\mathindent=\skip102
Applying: [2015/01/01] Make \[ robust on input line 50.
LaTeX Info: Redefining \[ on input line 51.
Already applied: [0000/00/00] Make \[ robust on input line 62.
Applying: [2015/01/01] Make \] robust on input line 74.
LaTeX Info: Redefining \] on input line 75.
Already applied: [0000/00/00] Make \] robust on input line 83.
))
(/usr/share/texmf-dist/tex/latex/booktabs/booktabs.sty
Package: booktabs 2020/01/12 v1.61803398 Publication quality tables
\heavyrulewidth=\dimen190
\lightrulewidth=\dimen191
\cmidrulewidth=\dimen192
\belowrulesep=\dimen193
\belowbottomsep=\dimen194
\aboverulesep=\dimen195
\abovetopsep=\dimen196
\cmidrulesep=\dimen197
\cmidrulekern=\dimen198
\defaultaddspace=\dimen199
\@cmidla=\count330
\@cmidlb=\count331
\@aboverulesep=\dimen256
\@belowrulesep=\dimen257
\@thisruleclass=\count332
\@lastruleclass=\count333
\@thisrulewidth=\dimen258
)
LaTeX Font Info:    Trying to load font information for OT1+ptm on input line 6
0.

(/usr/share/texmf-dist/tex/latex/psnfss/ot1ptm.fd
File: ot1ptm.fd 2001/06/04 font definitions for OT1/ptm.
)
(/usr/share/texmf-dist/tex/latex/l3backend/l3backend-pdftex.def
File: l3backend-pdftex.def 2025-10-09 L3 backend support: PDF output (pdfTeX)
\l__color_backend_stack_int=\count334
) (./paper.aux)
\openout1 = `paper.aux'.

LaTeX Font Info:    Checking defaults for OML/cmm/m/it on input line 60.
LaTeX Font Info:    ... okay on input line 60.
LaTeX Font Info:    Checking defaults for OMS/cmsy/m/n on input line 60.
LaTeX Font Info:    ... okay on input line 60.
LaTeX Font Info:    Checking defaults for OT1/cmr/m/n on input line 60.
LaTeX Font Info:    ... okay on input line 60.
LaTeX Font Info:    Checking defaults for T1/cmr/m/n on input line 60.
LaTeX Font Info:    ... okay on input line 60.
LaTeX Font Info:    Checking defaults for TS1/cmr/m/n on input line 60.
LaTeX Font Info:    ... okay on input line 60.
LaTeX Font Info:    Checking defaults for OMX/cmex/m/n on input line 60.
LaTeX Font Info:    ... okay on input line 60.
LaTeX Font Info:    Checking defaults for U/cmr/m/n on input line 60.
LaTeX Font Info:    ... okay on input line 60.
LaTeX Font Info:    Checking defaults for PD1/pdf/m/n on input line 60.
LaTeX Font Info:    ... okay on input line 60.
LaTeX Font Info:    Checking defaults for PU/pdf/m/n on input line 60.
LaTeX Font Info:    ... okay on input line 60.

(/usr/share/texmf-dist/tex/context/base/mkii/supp-pdf.mkii
[Loading MPS to PDF converter (version 2006.09.02).]
\scratchcounter=\count335
\scratchdimen=\dimen259
\scratchbox=\box62
\nofMPsegments=\count336
\nofMParguments=\count337
\everyMPshowfont=\toks32
\MPscratchCnt=\count338
\MPscratchDim=\dimen260
\MPnumerator=\count339
\makeMPintoPDFobject=\count340
\everyMPtoPDFconversion=\toks33
)
Package caption Info: Begin \AtBeginDocument code.
Package caption Info: subfig package v1.3 is loaded.
Package caption Info: hyperref package is loaded.
Package caption Info: End \AtBeginDocument code.

*geometry* driver: auto-detecting
*geometry* detected driver: pdftex
*geometry* verbose mode - [ preamble ] result:
* driver: pdftex
* paper: <default>
* layout: <same size as paper>
* layoutoffset:(h,v)=(0.0pt,0.0pt)
* modes: includehead includefoot twoside 
* h-part:(L,W,R)=(85.35826pt, 441.01773pt, 71.13188pt)
* v-part:(T,H,B)=(71.13188pt, 702.78308pt, 71.13188pt)
* \paperwidth=597.50787pt
* \paperheight=845.04684pt
* \textwidth=441.01773pt
* \textheight=649.94302pt
* \oddsidemargin=13.08827pt
* \evensidemargin=-1.1381pt
* \topmargin=-1.1381pt
* \headheight=12.0pt
* \headsep=10.84006pt
* \topskip=10.0pt
* \footskip=30.0pt
* \marginparwidth=111.0pt
* \marginparsep=11.0pt
* \columnsep=10.0pt
* \skip\footins=9.0pt plus 4.0pt minus 2.0pt
* \hoffset=0.0pt
* \voffset=0.0pt
* \mag=1000
* \@twocolumnfalse
* \@twosidetrue
* \@mparswitchtrue
* \@reversemarginfalse
* (1in=72.27pt=25.4mm, 1cm=28.453pt)

Package hyperref Info: Link coloring OFF on input line 60.
(./paper.out) (./paper.out)
\@outlinefile=\write3
\openout3 = `paper.out'.

LaTeX Font Info:    Trying to load font information for U+msa on input line 76.

 (/usr/share/texmf-dist/tex/latex/amsfonts/umsa.fd
File: umsa.fd 2013/01/14 v3.01 AMS symbols A
)
LaTeX Font Info:    Trying to load font information for U+msb on input line 76.


(/usr/share/texmf-dist/tex/latex/amsfonts/umsb.fd
File: umsb.fd 2013/01/14 v3.01 AMS symbols B
)
<CC.png, id=136, 2007.5pt x 707.64375pt>
File: CC.png Graphic file (type png)
<use CC.png>
Package pdftex.def Info: CC.png  used on input line 111.
(pdftex.def)             Requested size: 80.28632pt x 28.30092pt.


Package fancyhdr Warning: \headheight is too small (12.0pt): 
(fancyhdr)                Make it at least 34.48999pt, for example:
(fancyhdr)                \setlength{\headheight}{34.48999pt}.
(fancyhdr)                You might also make \topmargin smaller:
(fancyhdr)                \addtolength{\topmargin}{-22.48999pt}.

[1{/home/touhid/.texlive/texmf-var/fonts/map/pdftex/updmap/pdftex.map}{/usr/sha
re/texmf-dist/fonts/enc/dvips/base/8r.enc}

 <./CC.png>]
<figs/fig01.png, id=170, 3212.0pt x 1606.0pt>
File: figs/fig01.png Graphic file (type png)
<use figs/fig01.png>
Package pdftex.def Info: figs/fig01.png  used on input line 156.
(pdftex.def)             Requested size: 267.45572pt x 133.7268pt.
 [2] [3 <./figs/fig01.png>] [4]
<figs/fig02.png, id=249, 505.89pt x 244.9953pt>
File: figs/fig02.png Graphic file (type png)
<use figs/fig02.png>
Package pdftex.def Info: figs/fig02.png  used on input line 208.
(pdftex.def)             Requested size: 267.45572pt x 129.52539pt.
<figs/fig03.png, id=250, 505.6491pt x 202.356pt>
File: figs/fig03.png Graphic file (type png)
<use figs/fig03.png>
Package pdftex.def Info: figs/fig03.png  used on input line 215.
(pdftex.def)             Requested size: 267.45572pt x 107.03511pt.

Underfull \vbox (badness 1142) has occurred while \output is active []

 [5 <./figs/fig02.png> <./figs/fig03.png>]
<figs/fig04.png, id=264, 505.89pt x 266.1945pt>
File: figs/fig04.png Graphic file (type png)
<use figs/fig04.png>
Package pdftex.def Info: figs/fig04.png  used on input line 248.
(pdftex.def)             Requested size: 267.45572pt x 140.7331pt.
 [6 <./figs/fig04.png>]
<figs/fig05.png, id=275, 489.7497pt x 414.5889pt>
File: figs/fig05.png Graphic file (type png)
<use figs/fig05.png>
Package pdftex.def Info: figs/fig05.png  used on input line 280.
(pdftex.def)             Requested size: 267.45572pt x 226.41776pt.
<figs/fig06.png, id=279, 438.6789pt x 314.6154pt>
File: figs/fig06.png Graphic file (type png)
<use figs/fig06.png>
Package pdftex.def Info: figs/fig06.png  used on input line 292.
(pdftex.def)             Requested size: 267.45572pt x 191.8239pt.

Underfull \vbox (badness 10000) has occurred while \output is active []

 [7 <./figs/fig05.png>]
<figs/fig07.png, id=290, 438.6789pt x 409.0482pt>
File: figs/fig07.png Graphic file (type png)
<use figs/fig07.png>
Package pdftex.def Info: figs/fig07.png  used on input line 302.
(pdftex.def)             Requested size: 267.45572pt x 249.40044pt.
<figs/fig08.png, id=293, 2105.8675pt x 854.19125pt>
File: figs/fig08.png Graphic file (type png)
<use figs/fig08.png>
Package pdftex.def Info: figs/fig08.png  used on input line 314.
(pdftex.def)             Requested size: 267.45572pt x 108.48108pt.
 [8 <./figs/fig06.png> <./figs/fig07.png>]
<figs/fig09.png, id=306, 1231.60126pt x 1005.7575pt>
File: figs/fig09.png Graphic file (type png)
<use figs/fig09.png>
Package pdftex.def Info: figs/fig09.png  used on input line 326.
(pdftex.def)             Requested size: 267.45572pt x 218.39752pt.

Underfull \vbox (badness 10000) has occurred while \output is active []

 [9 <./figs/fig08.png> <./figs/fig09.png>]
<figs/fig10.png, id=316, 259.4493pt x 143.8173pt>
File: figs/fig10.png Graphic file (type png)
<use figs/fig10.png>
Package pdftex.def Info: figs/fig10.png  used on input line 338.
(pdftex.def)             Requested size: 267.45572pt x 148.26074pt.
<figs/fig11.png, id=318, 252.945pt x 180.675pt>
File: figs/fig11.png Graphic file (type png)
<use figs/fig11.png>
Package pdftex.def Info: figs/fig11.png  used on input line 348.
(pdftex.def)             Requested size: 267.45572pt x 191.04314pt.
 [10 <./figs/fig10.png> <./figs/fig11.png>]
<figs/fig12.png, id=330, 259.4493pt x 127.07475pt>
File: figs/fig12.png Graphic file (type png)
<use figs/fig12.png>
Package pdftex.def Info: figs/fig12.png  used on input line 358.
(pdftex.def)             Requested size: 267.45572pt x 131.0009pt.
<figs/fig13.png, id=335, 246.1998pt x 287.6346pt>
File: figs/fig13.png Graphic file (type png)
<use figs/fig13.png>
Package pdftex.def Info: figs/fig13.png  used on input line 372.
(pdftex.def)             Requested size: 219.19226pt x 256.0748pt.

Underfull \vbox (badness 10000) has occurred while \output is active []

 [11 <./figs/fig12.png>]
<figs/fig14.png, id=345, 285.82785pt x 142.8537pt>
File: figs/fig14.png Graphic file (type png)
<use figs/fig14.png>
Package pdftex.def Info: figs/fig14.png  used on input line 404.
(pdftex.def)             Requested size: 267.45572pt x 133.6765pt.

Underfull \vbox (badness 10000) has occurred while \output is active []

 [12 <./figs/fig13.png>]
<figs/fig15.png, id=354, 664.884pt x 209.583pt>
File: figs/fig15.png Graphic file (type png)
<use figs/fig15.png>
Package pdftex.def Info: figs/fig15.png  used on input line 414.
(pdftex.def)             Requested size: 267.45572pt x 84.30501pt.
<figs/fig16.png, id=357, 491.436pt x 202.356pt>
File: figs/fig16.png Graphic file (type png)
<use figs/fig16.png>
Package pdftex.def Info: figs/fig16.png  used on input line 426.
(pdftex.def)             Requested size: 267.45572pt x 110.13516pt.
 [13 <./figs/fig14.png> <./figs/fig15.png>]
<figs/fig17.png, id=372, 484.81125pt x 270.25969pt>
File: figs/fig17.png Graphic file (type png)
<use figs/fig17.png>
Package pdftex.def Info: figs/fig17.png  used on input line 478.
(pdftex.def)             Requested size: 267.45572pt x 149.10103pt.

Underfull \vbox (badness 10000) has occurred while \output is active []

 [14 <./figs/fig16.png>]
<figs/fig18.png, id=379, 697.1646pt x 712.8231pt>
File: figs/fig18.png Graphic file (type png)
<use figs/fig18.png>
Package pdftex.def Info: figs/fig18.png  used on input line 524.
(pdftex.def)             Requested size: 306.10446pt x 312.9803pt.

Underfull \vbox (badness 10000) has occurred while \output is active []

 [15 <./figs/fig17.png>]
<figs/fig19.png, id=385, 787.0203pt x 416.2752pt>
File: figs/fig19.png Graphic file (type png)
<use figs/fig19.png>
Package pdftex.def Info: figs/fig19.png  used on input line 532.
(pdftex.def)             Requested size: 267.45572pt x 141.46182pt.

Underfull \vbox (badness 10000) has occurred while \output is active []

 [16 <./figs/fig18.png> <./figs/fig19.png>]
<figs/fig20.png, id=396, 2343.75626pt x 1042.89626pt>
File: figs/fig20.png Graphic file (type png)
<use figs/fig20.png>
Package pdftex.def Info: figs/fig20.png  used on input line 551.
(pdftex.def)             Requested size: 267.45572pt x 118.99962pt.
 [17 <./figs/fig20.png>]
<figs/fig21.png, id=407, 228.25275pt x 142.01054pt>
File: figs/fig21.png Graphic file (type png)
<use figs/fig21.png>
Package pdftex.def Info: figs/fig21.png  used on input line 565.
(pdftex.def)             Requested size: 199.16928pt x 123.91653pt.
 [18 <./figs/fig21.png>]
LaTeX Font Info:    Trying to load font information for OT1+pcr on input line 5
95.
 (/usr/share/texmf-dist/tex/latex/psnfss/ot1pcr.fd
File: ot1pcr.fd 2001/06/04 font definitions for OT1/pcr.
)
<figs/fig22.png, id=425, 3011.25pt x 3011.25pt>
File: figs/fig22.png Graphic file (type png)
<use figs/fig22.png>
Package pdftex.def Info: figs/fig22.png  used on input line 599.
(pdftex.def)             Requested size: 113.81102pt x 113.76703pt.
 (./paper.bbl [19 <./figs/fig22.png>] [20])
<figs/author_hts.jpg, id=442, 851.18pt x 1268.74pt>
File: figs/author_hts.jpg Graphic file (type jpg)
<use figs/author_hts.jpg>
Package pdftex.def Info: figs/author_hts.jpg  used on input line 615.
(pdftex.def)             Requested size: 71.12198pt x 106.01201pt.

Overfull \hbox (2.83554pt too wide) in paragraph at lines 615--615
 [][] 
 []

<orcid.png, id=445, 18.0675pt x 18.0675pt>
File: orcid.png Graphic file (type png)
<use orcid.png>
Package pdftex.def Info: orcid.png  used on input line 616.
(pdftex.def)             Requested size: 7.22853pt x 7.22852pt.
<gscholar.png, id=447, 9.198pt x 9.198pt>
File: gscholar.png Graphic file (type png)
<use gscholar.png>
Package pdftex.def Info: gscholar.png  used on input line 617.
(pdftex.def)             Requested size: 7.22853pt x 7.22858pt.
<wos.png, id=449, 9.198pt x 9.198pt>
File: wos.png Graphic file (type png)
<use wos.png>
Package pdftex.def Info: wos.png  used on input line 618.
(pdftex.def)             Requested size: 7.22853pt x 7.22858pt.
<figs/author_oc.jpg, id=450, 924.45375pt x 1161.33875pt>
File: figs/author_oc.jpg Graphic file (type jpg)
<use figs/author_oc.jpg>
Package pdftex.def Info: figs/author_oc.jpg  used on input line 621.
(pdftex.def)             Requested size: 71.1225pt x 89.34715pt.

Overfull \hbox (2.83606pt too wide) in paragraph at lines 621--621
 [][] 
 []

File: orcid.png Graphic file (type png)
<use orcid.png>
Package pdftex.def Info: orcid.png  used on input line 622.
(pdftex.def)             Requested size: 7.22853pt x 7.22852pt.
File: gscholar.png Graphic file (type png)
<use gscholar.png>
Package pdftex.def Info: gscholar.png  used on input line 623.
(pdftex.def)             Requested size: 7.22853pt x 7.22858pt.
File: wos.png Graphic file (type png)
<use wos.png>
Package pdftex.def Info: wos.png  used on input line 624.
(pdftex.def)             Requested size: 7.22853pt x 7.22858pt.
[21 <./orcid.png> <./gscholar.png> <./wos.png> <./figs/author_hts.jpg>]
[22 <./figs/author_oc.jpg>]

enddocument/afterlastpage (AED): lastpage setting LastPage.
(./paper.aux)
 ***********
LaTeX2e <2025-11-01>
L3 programming layer <2026-01-19>
 ***********
Package rerunfilecheck Info: File `paper.out' has not changed.
(rerunfilecheck)             Checksum: 305DF2B52937515DFAF6D7C63EF22825;6452.
 ) 
Here is how much of TeX's memory you used:
 14932 strings out of 469515
 232939 string characters out of 5470807
 678274 words of memory out of 5000000
 43227 multiletter control sequences out of 15000+600000
 657901 words of font info for 99 fonts, out of 8000000 for 9000
 14 hyphenation exceptions out of 8191
 72i,13n,83p,1893b,652s stack positions out of 10000i,1000n,20000p,200000b,200000s
</usr/share/texmf-dist/fonts/type1/public/amsfonts/cm/cmmi10.pfb></usr/share/
texmf-dist/fonts/type1/public/amsfonts/cm/cmmi5.pfb></usr/share/texmf-dist/font
s/type1/public/amsfonts/cm/cmmi7.pfb></usr/share/texmf-dist/fonts/type1/public/
amsfonts/cm/cmmi9.pfb></usr/share/texmf-dist/fonts/type1/public/amsfonts/cm/cmr
10.pfb></usr/share/texmf-dist/fonts/type1/public/amsfonts/cm/cmr6.pfb></usr/sha
re/texmf-dist/fonts/type1/public/amsfonts/cm/cmr7.pfb></usr/share/texmf-dist/fo
nts/type1/public/amsfonts/cm/cmr9.pfb></usr/share/texmf-dist/fonts/type1/public
/amsfonts/cm/cmsy10.pfb></usr/share/texmf-dist/fonts/type1/public/amsfonts/cm/c
msy6.pfb></usr/share/texmf-dist/fonts/type1/public/amsfonts/cm/cmsy7.pfb></usr/
share/texmf-dist/fonts/type1/public/amsfonts/cm/cmsy9.pfb></usr/share/texmf-dis
t/fonts/type1/public/amsfonts/symbols/msam10.pfb></usr/share/texmf-dist/fonts/t
ype1/urw/courier/ucrr8a.pfb></home/touhid/texmf/fonts/type1/urw/times/utmb8a.pf
b></home/touhid/texmf/fonts/type1/urw/times/utmbi8a.pfb></home/touhid/texmf/fon
ts/type1/urw/times/utmr8a.pfb></home/touhid/texmf/fonts/type1/urw/times/utmri8a
.pfb></usr/share/texmf-dist/fonts/type1/urw/zapfding/uzdr.pfb>
Output written on paper.pdf (22 pages, 4746148 bytes).
PDF statistics:
 578 PDF objects out of 1000 (max. 8388607)
 454 compressed objects within 5 object streams
 121 named destinations out of 1000 (max. 500000)
 417 words of extra memory for PDF output out of 10000 (max. 10000000)

